// Jest Snapshot v1, https://goo.gl/fbAQLP

exports[`MovieTitle should match snapshot 1`] = `
<div
  className="container"
>
  <div
    className="row"
  >
    <div
      className="col-md-3"
    >
      <img
        alt="Pulp Fiction"
        className="img-fluid"
        data-testid="movie-poster"
        src="https://cdn.europosters.eu/image/1300/posters/pulp-fiction-cover-i1288.jpg"
      />
    </div>
  </div>
  <div
    className="row"
  >
    <div
      className="col-md-3"
    >
      <p
        className="flexbox"
      >
        <span
          className="title"
          data-testid="movie-title"
        >
          Pulp Fiction
        </span>
        <span
          className="year"
          data-testid="movie-year"
        >
          1994
        </span>
      </p>
      <p
        data-testid="movie-genres"
      >
        Thriller, Crime
      </p>
    </div>
  </div>
</div>
`;
