// Jest Snapshot v1, https://goo.gl/fbAQLP

exports[`MovieDetails should match snapshot 1`] = `
<div
  className="container"
>
  <div
    className="row"
  >
    <div
      className="col-md-3"
    >
      <img
        alt="Pulp Fiction"
        className="img-fluid"
        data-testid="movie-poster"
        src="https://cdn.europosters.eu/image/1300/posters/pulp-fiction-cover-i1288.jpg"
      />
    </div>
    <div
      className="col-md-9"
    >
      <div
        className="flexbox"
      >
        <span
          className="title"
          data-testid="movie-title"
        >
          Pulp Fiction
        </span>
        <span
          className="vote"
          data-testid="movie-vote"
        >
          8.3
        </span>
      </div>
      <p
        data-testid="movie-tagline"
      >
        Just because you are a character doesn't mean you have character.
      </p>
      <p
        data-testid="movie-genres"
      >
        Thriller, Crime
      </p>
      <p
        className="flexbox"
      >
        <span
          className="year"
          data-testid="movie-year"
        >
          1994
        </span>
        <span
          className="runtime"
          data-testid="movie-runtime"
        >
          2h 34min
        </span>
      </p>
      <p
        data-testid="movie-overview"
      >
        A burger-loving hit man, his philosophical partner, a drug-addled gangster's moll and a washed-up boxer converge in this sprawling, comedic crime caper. Their adventures unfurl in three stories that ingeniously trip back and forth in time.
      </p>
    </div>
  </div>
</div>
`;
